src/lib/deepseek.ts(7,16): error TS2591: Cannot find name 'process'. Do you need to install type definitions for node? Try `npm i --save-dev @types/node` and then add 'node' to the types field in your tsconfig.
src/lib/deepseek.ts(7,43): error TS2591: Cannot find name 'process'. Do you need to install type definitions for node? Try `npm i --save-dev @types/node` and then add 'node' to the types field in your tsconfig.
src/lib/deepseek.ts(8,16): error TS2591: Cannot find name 'process'. Do you need to install type definitions for node? Try `npm i --save-dev @types/node` and then add 'node' to the types field in your tsconfig.
src/pages/discover/Discover.tsx(8,1): error TS6133: 'toLocalDateString' is declared but its value is never read.
src/pages/panel/PanelCalendarPage.tsx(4,10): error TS6133: 'getArtistByUserId' is declared but its value is never read.
src/pages/panel/PanelCalendarPage.tsx(13,20): error TS6133: 'setArtist' is declared but its value is never read.
src/pages/panel/PanelCalendarPage.tsx(14,21): error TS6133: 'setLoading' is declared but its value is never read.
src/pages/panel/PanelCalendarPage.tsx(15,12): error TS6133: 'currentDate' is declared but its value is never read.
src/pages/panel/PanelCalendarPage.tsx(19,9): error TS2304: Cannot find name 'loadArtist'.
src/pages/panel/PanelCalendarPage.tsx(46,13): error TS2304: Cannot find name 'loadArtist'.
src/pages/panel/PanelCalendarPage.tsx(53,33): error TS2304: Cannot find name 'currentYear'.
src/pages/panel/PanelCalendarPage.tsx(53,46): error TS2304: Cannot find name 'currentMonth'.
src/pages/panel/PanelCalendarPage.tsx(107,48): error TS2304: Cannot find name 'currentMonth'.
src/pages/panel/PanelCalendarPage.tsx(107,64): error TS2304: Cannot find name 'currentYear'.
src/pages/panel/PanelCalendarPage.tsx(150,34): error TS2304: Cannot find name 'calendarDays'.
src/pages/panel/PanelCalendarPage.tsx(150,54): error TS7031: Binding element 'date' implicitly has an 'any' type.
src/pages/panel/PanelCalendarPage.tsx(150,60): error TS7031: Binding element 'isCurrentMonth' implicitly has an 'any' type.
src/pages/panel/PanelCalendarPage.tsx(150,78): error TS7006: Parameter 'idx' implicitly has an 'any' type.
src/pages/panel/PanelMultimediaPage.tsx(315,69): error TS6133: 'idx' is declared but its value is never read.
src/pages/panel/PanelServicesPage.tsx(2,31): error TS6133: 'Save' is declared but its value is never read.
src/pages/panel/PanelServicesPage.tsx(2,37): error TS6133: 'X' is declared but its value is never read.
src/pages/panel/PanelServicesPage.tsx(2,56): error TS6133: 'MapPin' is declared but its value is never read.
src/pages/panel/PanelServicesPage.tsx(2,64): error TS6133: 'Clock' is declared but its value is never read.
src/services/artistService.ts(13,5): error TS6133: 'orderBy' is declared but its value is never read.
src/services/artistService.ts(15,5): error TS6133: 'Timestamp' is declared but its value is never read.
